src/certifier/application/services/certifier.service.spec.ts(4,1): error TS2593: Cannot find name 'describe'. Do you need to install type definitions for a test runner? Try `npm i --save-dev @types/jest` or `npm i --save-dev @types/mocha` and then add 'jest' or 'mocha' to the types field in your tsconfig.
src/certifier/application/services/certifier.service.spec.ts(7,3): error TS2304: Cannot find name 'beforeEach'.
src/certifier/application/services/certifier.service.spec.ts(15,3): error TS2593: Cannot find name 'it'. Do you need to install type definitions for a test runner? Try `npm i --save-dev @types/jest` or `npm i --save-dev @types/mocha` and then add 'jest' or 'mocha' to the types field in your tsconfig.
src/certifier/application/services/certifier.service.spec.ts(16,5): error TS2304: Cannot find name 'expect'.
src/certifier/presentation/controllers/certifier.controller.spec.ts(4,1): error TS2593: Cannot find name 'describe'. Do you need to install type definitions for a test runner? Try `npm i --save-dev @types/jest` or `npm i --save-dev @types/mocha` and then add 'jest' or 'mocha' to the types field in your tsconfig.
src/certifier/presentation/controllers/certifier.controller.spec.ts(7,3): error TS2304: Cannot find name 'beforeEach'.
src/certifier/presentation/controllers/certifier.controller.spec.ts(15,3): error TS2593: Cannot find name 'it'. Do you need to install type definitions for a test runner? Try `npm i --save-dev @types/jest` or `npm i --save-dev @types/mocha` and then add 'jest' or 'mocha' to the types field in your tsconfig.
src/certifier/presentation/controllers/certifier.controller.spec.ts(16,5): error TS2304: Cannot find name 'expect'.
src/certifier/presentation/dto/certifier.dto.ts(1,38): error TS2307: Cannot find module 'class-validator' or its corresponding type declarations.
src/main.ts(2,26): error TS2307: Cannot find module 'cookie-parser' or its corresponding type declarations.
src/notifications/email/infrastructure/resend.adapter.ts(3,24): error TS2307: Cannot find module 'resend' or its corresponding type declarations.
src/operations/presentation/dtos/create-client.dto.ts(1,58): error TS2307: Cannot find module 'class-validator' or its corresponding type declarations.
test/app.e2e-spec.ts(7,1): error TS2593: Cannot find name 'describe'. Do you need to install type definitions for a test runner? Try `npm i --save-dev @types/jest` or `npm i --save-dev @types/mocha` and then add 'jest' or 'mocha' to the types field in your tsconfig.
test/app.e2e-spec.ts(10,3): error TS2304: Cannot find name 'beforeEach'.
test/app.e2e-spec.ts(19,3): error TS2593: Cannot find name 'it'. Do you need to install type definitions for a test runner? Try `npm i --save-dev @types/jest` or `npm i --save-dev @types/mocha` and then add 'jest' or 'mocha' to the types field in your tsconfig.
